{
  "alias-map-resolution": "{\n  \"cli-flags\": \"src/cli/flags.ts\",\n  \"cli-commands\": \"src/cli/commands.ts\",\n  \"gates-runner\": \"src/gates/runner.ts\",\n  \"auth\": \"services/auth-core\",\n  \"user\": \"services/user-api\"\n}",
  "frame-module-scope": "[\n  \"src/cli/flags.ts\",\n  \"src/cli/commands.ts\",\n  \"src/gates/runner.ts\"\n]",
  "mixed-source-resolutions": "{\n  \"services/auth-core\": {\n    \"canonical\": \"services/auth-core\",\n    \"confidence\": 1,\n    \"source\": \"exact\",\n    \"description\": \"exact match\"\n  },\n  \"auth\": {\n    \"canonical\": \"services/auth-core\",\n    \"confidence\": 1,\n    \"source\": \"alias\",\n    \"description\": \"alias match\"\n  },\n  \"flags\": {\n    \"canonical\": \"src/cli/flags.ts\",\n    \"confidence\": 0.9,\n    \"source\": \"substring\",\n    \"description\": \"substring match\"\n  },\n  \"unknown-module\": {\n    \"canonical\": \"unknown-module\",\n    \"confidence\": 0,\n    \"source\": \"fuzzy\",\n    \"description\": \"no match\"\n  }\n}",
  "priority-exact-over-alias": "{\n  \"input\": \"src/cli/flags.ts\",\n  \"canonical\": \"src/cli/flags.ts\",\n  \"source\": \"exact\",\n  \"confidence\": 1,\n  \"note\": \"exact match takes precedence over alias lookup\"\n}",
  "ambiguous-substring": "{\n  \"input\": \"cli\",\n  \"canonical\": \"cli\",\n  \"confidence\": 0,\n  \"source\": \"fuzzy\",\n  \"note\": \"ambiguous substring returns confidence 0\"\n}",
  "unknown-module": "{\n  \"input\": \"completely-unknown\",\n  \"canonical\": \"completely-unknown\",\n  \"confidence\": 0,\n  \"source\": \"fuzzy\",\n  \"note\": \"unknown returns original with confidence 0\"\n}",
  "empty-input": "{\n  \"input\": \"\",\n  \"canonical\": \"\",\n  \"confidence\": 0,\n  \"source\": \"fuzzy\"\n}",
  "resolution-output-format": "{\n  \"canonical\": \"services/auth-core\",\n  \"confidence\": 1,\n  \"original\": \"services/auth-core\",\n  \"source\": \"exact\",\n  \"typeCheck\": {\n    \"hasCanonical\": true,\n    \"hasConfidence\": true,\n    \"hasOriginal\": true,\n    \"hasSource\": true,\n    \"validSource\": true\n  }\n}",
  "alias-table-structure": "{\n  \"aliases\": {\n    \"test-alias\": {\n      \"canonical\": \"services/test\",\n      \"confidence\": 1,\n      \"reason\": \"test reason\"\n    }\n  },\n  \"typeCheck\": {\n    \"isObject\": true,\n    \"hasEntries\": true,\n    \"entryStructure\": {\n      \"hasCanonical\": true,\n      \"hasConfidence\": true,\n      \"hasReason\": true,\n      \"canonicalType\": \"string\",\n      \"confidenceType\": \"number\",\n      \"reasonType\": \"string\"\n    }\n  }\n}",
  "batch-remember-resolution": "[\n  {\n    \"input\": \"auth\",\n    \"canonical\": \"services/auth-core\",\n    \"confidence\": 1,\n    \"source\": \"alias\"\n  },\n  {\n    \"input\": \"src/cli/flags.ts\",\n    \"canonical\": \"src/cli/flags.ts\",\n    \"confidence\": 1,\n    \"source\": \"exact\"\n  },\n  {\n    \"input\": \"user\",\n    \"canonical\": \"services/user-api\",\n    \"confidence\": 1,\n    \"source\": \"alias\"\n  },\n  {\n    \"input\": \"gates\",\n    \"canonical\": \"src/gates/runner.ts\",\n    \"confidence\": 0.9,\n    \"source\": \"substring\"\n  }\n]",
  "refactoring-migration": "{\n  \"old/auth/service\": {\n    \"newCanonical\": \"services/auth-core\",\n    \"migrationNote\": \"refactored 2025-10-15\"\n  },\n  \"legacy/user-access\": {\n    \"newCanonical\": \"services/user-api\",\n    \"migrationNote\": \"renamed 2025-11-01\"\n  }\n}",
  "snapshot-update-instructions": "{\n  \"command\": \"LEX_UPDATE_SNAPSHOTS=1 node --test src/shared/aliases/resolution.spec.mjs\",\n  \"purpose\": \"Updates snapshot files when the resolution output intentionally changes\",\n  \"when_to_update\": [\n    \"Adding new fields to AliasResolution interface\",\n    \"Changing resolution algorithm output\",\n    \"Updating canonical module IDs in policy\",\n    \"Modifying alias table structure\"\n  ],\n  \"review_required\": \"Always review snapshot diffs in PR to ensure changes are intentional\",\n  \"location\": \"__snapshots__/resolution.spec.mjs.snap\"\n}"
}